
=========================
­ƒº¬ TEST COMPLET: Submission avec donn├®es valides
=========================

Ô£à typeMembreId valide trouv├®: 21cc11fe-6024-45c3-89e0-9e9be0891efc

­ƒôñ Envoi du formulaire:
  website_url: https://www.idaroot.com/

­ƒôÑ R├®ponse du serveur:
  Status: 201

­ƒöì RAW TEXT (premiers 2000 chars):
{"success":true,"data":{"success":true,"data":{"id":"85f9d749-1432-4b5c-8c9b-e0ce7f9690b2","name":"Test Complet User","position":null,"email":"testcomplet@idaroot.com","phone":"+225701234567","message":null,"typeMembreId":"21cc11fe-6024-45c3-89e0-9e9be0891efc","profilId":null,"abonnementId":null,"secteurPrincipalId":null,"filiereId":null,"sousFiliereId":null,"activitesIds":null,"secteursInterventionIds":null,"siegeRegionId":null,"siegeCommuneId":null,"siegeVille":null,"siegeVillage":null,"siegeQuartierId":null,"regionsInterventionIds":null,"interventionScope":null,"centresInteretIds":null,"filieresPrioritairesIds":null,"hasBureauCI":false,"hasAffiliation":false,"organisationType":null,"organisationName":null,"customOrganisationName":null,"internationalAddress":null,"internationalCity":null,"internationalCountry":null,"nombre_employee":null,"website_url":"https:&amp;#x2F;&amp;#x2F;www.idaroot.com&amp;#x2F;","isCompetitionSubcontractor":null,"hasFinancingProject":null,"statut":"pending","internalNotes":null,"created_at":"2026-02-08T02:03:00.280Z","updated_at":"2026-02-08T02:03:00.280Z","deleted_at":null,"typeMembre":{"id":"21cc11fe-6024-45c3-89e0-9e9be0891efc","name":"Membre Institutionnel","description":"Structure institutionnelle ou grande entreprise","isActive":true,"created_at":"2026-01-07T01:34:32.349Z","updated_at":"2026-01-07T01:34:32.349Z","deleted_at":null},"profil":null,"abonnement":null,"secteurPrincipal":null,"filiere":null,"sousFiliere":null,"siegeRegion":null,"siegeCommune":null,"siegeQuartier":null}}}

Ô£à R├ëSULTAT FINAL:
  URL envoy├®e: https://www.idaroot.com/
  URL re├ºue (brute): https:&amp;#x2F;&amp;#x2F;www.idaroot.com&amp;#x2F;
  Type: string
  Longueur: 51
  Char codes: [0]=:(58) [1]=&(38) [2]=a(97) [3]=m(109) [4]=p(112) [5]=;(59) [6]=#(35) [7]=x(120) [8]=2(50) [9]=F(70)
  ÔØî URL PAS CORRECTEMENT D├ëCOD├ëE
     Contient "&amp;"?: true
     Contient "&#x"?: false
